*****************************************************************
      SolidWorks Corporation - IGES Prozesssor Status-Bericht
*****************************************************************
=================================================================
Allgemeine Informationen
=================================================================
Senden der System-Produktkennung: LM_Plate
Erhalt der System-Produktkennung: LM_Plate
Dateiname: LM_Plate.igs
Versandsystem: DASSAULT SYSTEMES CATIA Version 5-6 Release 2012 - www.3ds.com
Präprozessor-Version: V5-6R2012_5.22.0.0.10-19-2011.20.00
Datum der Dateierstellung: 20171210.043543
Datum der Modellerstellung: 20171210.043543
Einheiten: MM
Modellraummaßstab: 1
Verfasser: Lukas Gerber
Firma                 : HP-8530P


=================================================================
Elementverarbeitungsinformationen
=================================================================


=================================================================
Präzisionsanalyse von IGES Datei:
=================================================================
  Häufigste Anzahl an signifikanten Stellen:              10
  Höchste Zahl von signifikanten Stellen:                     10
  Durchschnittliche Zahl an signifikanten Stellen:                8.09362
  Maximaler Abstand zum Ursprung:                          367.868
  Minimaler Abstand zum Ursprung:                                0
  Effektive Zahl an an signifikanten Stellen:                   10


=================================================================
Elementzusammenfassung
=================================================================
-----------------------------------------------------------------
Typname                                         Menge konvertiert
---- ----                                         ----- ---------
100  Arc                                            164       164
102  Composite curve                                 72        72
108  Plane                                            3         3
110  Line                                           184       184
120  Surface of revolution                           46        46
124  Transformation matrix                          164       164
142  Curve on a parametric surface                   72        72
144  Trimmed parametric surface                      51        51
314  Color definition                                 1         1
406  Property                                         1         1
_________________________________________________________________


=================================================================
Ergebniszusammenfassung
=================================================================
SolidWorks Feature-Typ                Anzahl
-----------------------                -----
Volumenkörper-Feature(s)                       0
Oberflächen-Feature(s)                     1
Kurven-/Skizzen-Feature(s)                0
--------------------------------------------
Startzeit: Sonntag, Dezember 10, 2017 17:57:58
Fertigstellungszeit: Sonntag, Dezember 10, 2017 17:58:05
Verarbeitungszeit: 0 days, 00 hours, 00 mins, 07 secs
